Script started on 2023-03-12 04:00:01+00:00 [TERM="xterm-256color" TTY="/dev/pts/2" COLUMNS="191" LINES="34"]
$ .\scrip      /script.sh^[[D^[[D^[[D^[[D                 
sh: 1: ./script.s: not found
$ .\ /script-sh
sh: 2: ./script-sh: not found
$ ^[[A^[[D        ./script.sh
option --tx-out: 
unexpected "\8220"

Usage: cardano-cli transaction build 
            [ --byron-era
            | --shelley-era
            | --allegra-era
            | --mary-era
            | --alonzo-era
            | --babbage-era
            ]
            [ --shelley-mode
            | --byron-mode [--epoch-slots NATURAL]
            | --cardano-mode [--epoch-slots NATURAL]
            ]
            (--mainnet | --testnet-magic NATURAL)
            [--script-valid | --script-invalid]
            [--witness-override WORD]
            (--tx-in TX-IN
              [ --spending-tx-in-reference TX-IN
                --spending-plutus-script-v2
                ( --spending-reference-tx-in-datum-cbor-file CBOR FILE
                | --spending-reference-tx-in-datum-file JSON FILE
                | --spending-reference-tx-in-datum-value JSON VALUE
                | --spending-reference-tx-in-inline-datum-present
                )
                ( --spending-reference-tx-in-redeemer-cbor-file CBOR FILE
                | --spending-reference-tx-in-redeemer-file JSON FILE
                | --spending-reference-tx-in-redeemer-value JSON VALUE
                )
              | --simple-script-tx-in-reference TX-IN
              | --tx-in-script-file FILE
                [
                  ( --tx-in-datum-cbor-file CBOR FILE
                  | --tx-in-datum-file JSON FILE
                  | --tx-in-datum-value JSON VALUE
                  | --tx-in-inline-datum-present
                  )
                  ( --tx-in-redeemer-cbor-file CBOR FILE
                  | --tx-in-redeemer-file JSON FILE
                  | --tx-in-redeemer-value JSON VALUE
                  )]
              ])
            [--read-only-tx-in-reference TX-IN]
            [--required-signer FILE | --required-signer-hash HASH]
            [--tx-in-collateral TX-IN]
            [--tx-out-return-collateral ADDRESS VALUE]
            [--tx-total-collateral INTEGER]
            [--tx-out ADDRESS VALUE
              [ --tx-out-datum-hash HASH
              | --tx-out-datum-hash-cbor-file CBOR FILE
              | --tx-out-datum-hash-file JSON FILE
              | --tx-out-datum-hash-value JSON VALUE
              | --tx-out-datum-embed-cbor-file CBOR FILE
              | --tx-out-datum-embed-file JSON FILE
              | --tx-out-datum-embed-value JSON VALUE
              | --tx-out-inline-datum-cbor-file CBOR FILE
              | --tx-out-inline-datum-file JSON FILE
              | --tx-out-inline-datum-value JSON VALUE
              ]
              [--tx-out-reference-script-file FILE]]
            --change-address ADDRESS
            [--mint VALUE
              ( --mint-script-file FILE
                [ --mint-redeemer-cbor-file CBOR FILE
                | --mint-redeemer-file JSON FILE
                | --mint-redeemer-value JSON VALUE
                ]
              | --simple-minting-script-tx-in-reference TX-IN --policy-id HASH
              | --mint-tx-in-reference TX-IN
                --mint-plutus-script-v2
                ( --mint-reference-tx-in-redeemer-cbor-file CBOR FILE
                | --mint-reference-tx-in-redeemer-file JSON FILE
                | --mint-reference-tx-in-redeemer-value JSON VALUE
                )
                --policy-id HASH
              )]
            [--invalid-before SLOT]
            [--invalid-hereafter SLOT]
            [--certificate-file CERTIFICATEFILE
              [ --certificate-script-file FILE
                [ --certificate-redeemer-cbor-file CBOR FILE
                | --certificate-redeemer-file JSON FILE
                | --certificate-redeemer-value JSON VALUE
                ]
              | --certificate-tx-in-reference TX-IN
                --certificate-plutus-script-v2
                ( --certificate-reference-tx-in-redeemer-cbor-file CBOR FILE
                | --certificate-reference-tx-in-redeemer-file JSON FILE
                | --certificate-reference-tx-in-redeemer-value JSON VALUE
                )
              ]]
            [--withdrawal WITHDRAWAL
              [ --withdrawal-script-file FILE
                [ --withdrawal-redeemer-cbor-file CBOR FILE
                | --withdrawal-redeemer-file JSON FILE
                | --withdrawal-redeemer-value JSON VALUE
                ]
              | --withdrawal-tx-in-reference TX-IN
                --withdrawal-plutus-script-v2
                ( --withdrawal-reference-tx-in-redeemer-cbor-file CBOR FILE
                | --withdrawal-reference-tx-in-redeemer-file JSON FILE
                | --withdrawal-reference-tx-in-redeemer-value JSON VALUE
                )
              ]]
            [--json-metadata-no-schema | --json-metadata-detailed-schema]
            [--auxiliary-script-file FILE]
            [--metadata-json-file FILE | --metadata-cbor-file FILE]
            [--genesis FILE | --protocol-params-file FILE]
            [--update-proposal-file FILE]
            (--out-file FILE | --calculate-plutus-script-cost FILE)

  Build a balanced transaction (automatically calculates fees)

  [93mPlease note [4mthe order[93;22;23;24m of some cmd options is crucial. If used incorrectly may produce undesired tx body. See nested [] notation above for details.[0;22;23;24m
$ ^[[A    ./script.sh
option --tx-out: 
unexpected "\8220"

Usage: cardano-cli transaction build 
            [ --byron-era
            | --shelley-era
            | --allegra-era
            | --mary-era
            | --alonzo-era
            | --babbage-era
            ]
            [ --shelley-mode
            | --byron-mode [--epoch-slots NATURAL]
            | --cardano-mode [--epoch-slots NATURAL]
            ]
            (--mainnet | --testnet-magic NATURAL)
            [--script-valid | --script-invalid]
            [--witness-override WORD]
            (--tx-in TX-IN
              [ --spending-tx-in-reference TX-IN
                --spending-plutus-script-v2
                ( --spending-reference-tx-in-datum-cbor-file CBOR FILE
                | --spending-reference-tx-in-datum-file JSON FILE
                | --spending-reference-tx-in-datum-value JSON VALUE
                | --spending-reference-tx-in-inline-datum-present
                )
                ( --spending-reference-tx-in-redeemer-cbor-file CBOR FILE
                | --spending-reference-tx-in-redeemer-file JSON FILE
                | --spending-reference-tx-in-redeemer-value JSON VALUE
                )
              | --simple-script-tx-in-reference TX-IN
              | --tx-in-script-file FILE
                [
                  ( --tx-in-datum-cbor-file CBOR FILE
                  | --tx-in-datum-file JSON FILE
                  | --tx-in-datum-value JSON VALUE
                  | --tx-in-inline-datum-present
                  )
                  ( --tx-in-redeemer-cbor-file CBOR FILE
                  | --tx-in-redeemer-file JSON FILE
                  | --tx-in-redeemer-value JSON VALUE
                  )]
              ])
            [--read-only-tx-in-reference TX-IN]
            [--required-signer FILE | --required-signer-hash HASH]
            [--tx-in-collateral TX-IN]
            [--tx-out-return-collateral ADDRESS VALUE]
            [--tx-total-collateral INTEGER]
            [--tx-out ADDRESS VALUE
              [ --tx-out-datum-hash HASH
              | --tx-out-datum-hash-cbor-file CBOR FILE
              | --tx-out-datum-hash-file JSON FILE
              | --tx-out-datum-hash-value JSON VALUE
              | --tx-out-datum-embed-cbor-file CBOR FILE
              | --tx-out-datum-embed-file JSON FILE
              | --tx-out-datum-embed-value JSON VALUE
              | --tx-out-inline-datum-cbor-file CBOR FILE
              | --tx-out-inline-datum-file JSON FILE
              | --tx-out-inline-datum-value JSON VALUE
              ]
              [--tx-out-reference-script-file FILE]]
            --change-address ADDRESS
            [--mint VALUE
              ( --mint-script-file FILE
                [ --mint-redeemer-cbor-file CBOR FILE
                | --mint-redeemer-file JSON FILE
                | --mint-redeemer-value JSON VALUE
                ]
              | --simple-minting-script-tx-in-reference TX-IN --policy-id HASH
              | --mint-tx-in-reference TX-IN
                --mint-plutus-script-v2
                ( --mint-reference-tx-in-redeemer-cbor-file CBOR FILE
                | --mint-reference-tx-in-redeemer-file JSON FILE
                | --mint-reference-tx-in-redeemer-value JSON VALUE
                )
                --policy-id HASH
              )]
            [--invalid-before SLOT]
            [--invalid-hereafter SLOT]
            [--certificate-file CERTIFICATEFILE
              [ --certificate-script-file FILE
                [ --certificate-redeemer-cbor-file CBOR FILE
                | --certificate-redeemer-file JSON FILE
                | --certificate-redeemer-value JSON VALUE
                ]
              | --certificate-tx-in-reference TX-IN
                --certificate-plutus-script-v2
                ( --certificate-reference-tx-in-redeemer-cbor-file CBOR FILE
                | --certificate-reference-tx-in-redeemer-file JSON FILE
                | --certificate-reference-tx-in-redeemer-value JSON VALUE
                )
              ]]
            [--withdrawal WITHDRAWAL
              [ --withdrawal-script-file FILE
                [ --withdrawal-redeemer-cbor-file CBOR FILE
                | --withdrawal-redeemer-file JSON FILE
                | --withdrawal-redeemer-value JSON VALUE
                ]
              | --withdrawal-tx-in-reference TX-IN
                --withdrawal-plutus-script-v2
                ( --withdrawal-reference-tx-in-redeemer-cbor-file CBOR FILE
                | --withdrawal-reference-tx-in-redeemer-file JSON FILE
                | --withdrawal-reference-tx-in-redeemer-value JSON VALUE
                )
              ]]
            [--json-metadata-no-schema | --json-metadata-detailed-schema]
            [--auxiliary-script-file FILE]
            [--metadata-json-file FILE | --metadata-cbor-file FILE]
            [--genesis FILE | --protocol-params-file FILE]
            [--update-proposal-file FILE]
            (--out-file FILE | --calculate-plutus-script-cost FILE)

  Build a balanced transaction (automatically calculates fees)

  [93mPlease note [4mthe order[93;22;23;24m of some cmd options is crucial. If used incorrectly may produce undesired tx body. See nested [] notation above for details.[0;22;23;24m
$ ./s	cript.sh
Estimated transaction fee: Lovelace 168185
$ cardano-cli transaction submit --testnet-magic 2 --tx-file tx.rawtest
Command failed: transaction submit  Error: Error while submitting tx: ShelleyTxValidationError ShelleyBasedEraBabbage (ApplyTxError [UtxowFailure (FromAlonzoUtxowFail (WrappedShelleyEraFailure (MissingVKeyWitnessesUTXOW (WitHashes (fromList [KeyHash "f019002f869a013721ac82d7288be0a4dcfa15bd96850fd73068d0a7"])))))])
$ ./script.sh
Command failed: transaction submit  Error: Error while submitting tx: ShelleyTxValidationError ShelleyBasedEraBabbage (ApplyTxError [UtxowFailure (FromAlonzoUtxowFail (WrappedShelleyEraFailure (MissingVKeyWitnessesUTXOW (WitHashes (fromList [KeyHash "f019002f869a013721ac82d7288be0a4dcfa15bd96850fd73068d0a7"])))))])
$ ./script.sh
Command failed: transaction submit  Error: Error while submitting tx: ShelleyTxValidationError ShelleyBasedEraBabbage (ApplyTxError [UtxowFailure (UtxoFailure (FromAlonzoUtxoFail (ValueNotConservedUTxO (Value 0 (fromList [])) (Value 10000000000 (fromList []))))),UtxowFailure (UtxoFailure (FromAlonzoUtxoFail (BadInputsUTxO (fromList [TxIn (TxId {_unTxId = SafeHas